2026-05-19 15:53:09,918 - services - INFO - Attempting to buy 0.1 bitcoin
2026-05-19 15:53:10,612 - database - INFO - Stored: bitcoin - $76811 at 2026-05-19 15:53:10
2026-05-19 15:53:10,612 - database - INFO - Stored: ethereum - $2119.57 at 2026-05-19 15:53:10
2026-05-19 15:53:10,612 - database - INFO - Stored: solana - $84.75 at 2026-05-19 15:53:10
2026-05-19 15:53:10,615 - services - INFO - Successfully bought 0.1 bitcoin at $76811
2026-05-21 13:09:40,125 - services - INFO - Attempting to buy 1.0 bitcoin
2026-05-21 13:09:40,846 - database - INFO - Stored: bitcoin - $77163 at 2026-05-21 13:09:40
2026-05-21 13:09:40,847 - database - INFO - Stored: ethereum - $2113.18 at 2026-05-21 13:09:40
2026-05-21 13:09:40,847 - database - INFO - Stored: solana - $85.7 at 2026-05-21 13:09:40
2026-05-21 13:09:40,848 - services - INFO - Successfully bought 1.0 bitcoin at $77163
2026-05-21 13:36:35,893 - fetch_stocks - WARNING - No quote data for AAPL
2026-05-21 13:36:37,572 - fetch_stocks - WARNING - No quote data for GOOG
2026-05-21 13:36:39,247 - fetch_stocks - WARNING - No quote data for NVDA
2026-05-21 13:36:41,443 - fetch_stocks - WARNING - No quote data for AAPL
2026-05-21 13:36:43,095 - fetch_stocks - WARNING - No quote data for GOOG
2026-05-21 13:36:44,751 - fetch_stocks - WARNING - No quote data for NVDA
2026-05-21 13:37:01,017 - fetch_stocks - WARNING - No quote data for AAPL
2026-05-21 13:37:02,667 - fetch_stocks - WARNING - No quote data for GOOG
2026-05-21 13:37:04,344 - fetch_stocks - WARNING - No quote data for NVDA
2026-05-21 13:37:06,544 - fetch_stocks - WARNING - No quote data for AAPL
2026-05-21 13:37:08,202 - fetch_stocks - WARNING - No quote data for GOOG
2026-05-21 13:37:09,875 - fetch_stocks - WARNING - No quote data for NVDA
2026-05-21 13:39:33,781 - fetch_stocks - INFO - Alpha Vantage raw response for AAPL: {"Information": "We have detected your API key as 79MC5EWVII5262UH and our standard API rate limit is 25 requests per day. Please subscribe to any of the premium plans at https://www.alphavantage.co/premium/ to instantly remove all daily rate limits."}
2026-05-21 13:39:33,781 - fetch_stocks - WARNING - ✗ Empty quote data for AAPL. Full response: {"Information": "We have detected your API key as 79MC5EWVII5262UH and our standard API rate limit is 25 requests per day. Please subscribe to any of the premium plans at https://www.alphavantage.co/premium/ to instantly remove all daily rate limits."}
2026-05-21 13:39:35,446 - fetch_stocks - INFO - Alpha Vantage raw response for GOOG: {"Information": "We have detected your API key as 79MC5EWVII5262UH and our standard API rate limit is 25 requests per day. Please subscribe to any of the premium plans at https://www.alphavantage.co/premium/ to instantly remove all daily rate limits."}
2026-05-21 13:39:35,446 - fetch_stocks - WARNING - ✗ Empty quote data for GOOG. Full response: {"Information": "We have detected your API key as 79MC5EWVII5262UH and our standard API rate limit is 25 requests per day. Please subscribe to any of the premium plans at https://www.alphavantage.co/premium/ to instantly remove all daily rate limits."}
2026-05-21 13:39:37,091 - fetch_stocks - INFO - Alpha Vantage raw response for NVDA: {"Information": "We have detected your API key as 79MC5EWVII5262UH and our standard API rate limit is 25 requests per day. Please subscribe to any of the premium plans at https://www.alphavantage.co/premium/ to instantly remove all daily rate limits."}
2026-05-21 13:39:37,091 - fetch_stocks - WARNING - ✗ Empty quote data for NVDA. Full response: {"Information": "We have detected your API key as 79MC5EWVII5262UH and our standard API rate limit is 25 requests per day. Please subscribe to any of the premium plans at https://www.alphavantage.co/premium/ to instantly remove all daily rate limits."}
2026-05-21 13:39:39,318 - fetch_stocks - INFO - Alpha Vantage raw response for AAPL: {"Information": "We have detected your API key as 79MC5EWVII5262UH and our standard API rate limit is 25 requests per day. Please subscribe to any of the premium plans at https://www.alphavantage.co/premium/ to instantly remove all daily rate limits."}
2026-05-21 13:39:39,318 - fetch_stocks - WARNING - ✗ Empty quote data for AAPL. Full response: {"Information": "We have detected your API key as 79MC5EWVII5262UH and our standard API rate limit is 25 requests per day. Please subscribe to any of the premium plans at https://www.alphavantage.co/premium/ to instantly remove all daily rate limits."}
2026-05-21 13:39:40,984 - fetch_stocks - INFO - Alpha Vantage raw response for GOOG: {"Information": "We have detected your API key as 79MC5EWVII5262UH and our standard API rate limit is 25 requests per day. Please subscribe to any of the premium plans at https://www.alphavantage.co/premium/ to instantly remove all daily rate limits."}
2026-05-21 13:39:40,984 - fetch_stocks - WARNING - ✗ Empty quote data for GOOG. Full response: {"Information": "We have detected your API key as 79MC5EWVII5262UH and our standard API rate limit is 25 requests per day. Please subscribe to any of the premium plans at https://www.alphavantage.co/premium/ to instantly remove all daily rate limits."}
2026-05-21 13:39:42,647 - fetch_stocks - INFO - Alpha Vantage raw response for NVDA: {"Information": "We have detected your API key as 79MC5EWVII5262UH and our standard API rate limit is 25 requests per day. Please subscribe to any of the premium plans at https://www.alphavantage.co/premium/ to instantly remove all daily rate limits."}
2026-05-21 13:39:42,647 - fetch_stocks - WARNING - ✗ Empty quote data for NVDA. Full response: {"Information": "We have detected your API key as 79MC5EWVII5262UH and our standard API rate limit is 25 requests per day. Please subscribe to any of the premium plans at https://www.alphavantage.co/premium/ to instantly remove all daily rate limits."}
2026-05-21 14:46:10,083 - fetch_stocks - INFO - Using stock price provider: finnhub
2026-05-21 14:46:10,502 - fetch_stocks - INFO - ✓ Fetched AAPL from Finnhub: $302.25
2026-05-21 14:46:10,996 - fetch_stocks - INFO - ✓ Fetched GOOG from Finnhub: $384.9
2026-05-21 14:46:11,515 - fetch_stocks - INFO - ✓ Fetched NVDA from Finnhub: $223.47
2026-05-21 14:46:11,623 - fetch_stocks - INFO - Cached stock prices saved
2026-05-21 14:46:12,177 - fetch_stocks - INFO - Using stock price provider: finnhub
2026-05-21 14:46:12,177 - fetch_stocks - INFO - Using cached stock prices from 2026-05-21 14:46:11.623163
2026-05-21 14:46:12,177 - fetch_stocks - INFO - Using cached stock prices
2026-05-21 14:47:39,934 - fetch_stocks - INFO - Using stock price provider: finnhub
2026-05-21 14:47:39,935 - fetch_stocks - INFO - Using cached stock prices from 2026-05-21 14:46:11.623163
2026-05-21 14:47:39,935 - fetch_stocks - INFO - Using cached stock prices
2026-05-21 14:47:39,935 - api - INFO - Fetched AAPL: $302.25
2026-05-21 14:47:39,935 - api - INFO - Fetched GOOG: $384.9
2026-05-21 14:47:39,935 - api - INFO - Fetched NVDA: $223.47
2026-05-21 14:47:40,498 - fetch_stocks - INFO - Using stock price provider: finnhub
2026-05-21 14:47:40,498 - fetch_stocks - INFO - Using cached stock prices from 2026-05-21 14:46:11.623163
2026-05-21 14:47:40,498 - fetch_stocks - INFO - Using cached stock prices
2026-05-21 14:47:40,498 - api - INFO - Fetched AAPL: $302.25
2026-05-21 14:47:40,498 - api - INFO - Fetched GOOG: $384.9
2026-05-21 14:47:40,499 - api - INFO - Fetched NVDA: $223.47
2026-05-21 14:49:07,517 - fetch_stocks - INFO - Using stock price provider: finnhub
2026-05-21 14:49:07,518 - fetch_stocks - INFO - Using cached stock prices from 2026-05-21 14:46:11.623163
2026-05-21 14:49:07,518 - fetch_stocks - INFO - Using cached stock prices
2026-05-21 14:49:08,063 - fetch_stocks - INFO - Using stock price provider: finnhub
2026-05-21 14:49:08,064 - fetch_stocks - INFO - Using cached stock prices from 2026-05-21 14:46:11.623163
2026-05-21 14:49:08,064 - fetch_stocks - INFO - Using cached stock prices
2026-05-21 14:58:42,007 - fetch_stocks - INFO - Using stock price provider: finnhub
2026-05-21 14:58:42,009 - fetch_stocks - INFO - Using cached stock prices from 2026-05-21 14:46:11.623163
2026-05-21 14:58:42,009 - fetch_stocks - INFO - Using cached stock prices
2026-05-21 14:58:42,554 - fetch_stocks - INFO - Using stock price provider: finnhub
2026-05-21 14:58:42,554 - fetch_stocks - INFO - Using cached stock prices from 2026-05-21 14:46:11.623163
2026-05-21 14:58:42,554 - fetch_stocks - INFO - Using cached stock prices
2026-05-21 15:52:25,885 - fetch_stocks - INFO - Using stock price provider: finnhub
2026-05-21 15:52:25,888 - fetch_stocks - INFO - Using cached stock prices from 2026-05-21 14:46:11.623163
2026-05-21 15:52:25,888 - fetch_stocks - INFO - Using cached stock prices
2026-05-21 15:52:26,550 - fetch_stocks - INFO - Using stock price provider: finnhub
2026-05-21 15:52:26,551 - fetch_stocks - INFO - Using cached stock prices from 2026-05-21 14:46:11.623163
2026-05-21 15:52:26,551 - fetch_stocks - INFO - Using cached stock prices
2026-05-21 15:52:33,802 - fetch_stocks - INFO - Using stock price provider: finnhub
2026-05-21 15:52:33,802 - fetch_stocks - INFO - Using cached stock prices from 2026-05-21 14:46:11.623163
2026-05-21 15:52:33,803 - fetch_stocks - INFO - Using cached stock prices
2026-05-21 15:52:34,340 - fetch_stocks - INFO - Using stock price provider: finnhub
2026-05-21 15:52:34,340 - fetch_stocks - INFO - Using cached stock prices from 2026-05-21 14:46:11.623163
2026-05-21 15:52:34,340 - fetch_stocks - INFO - Using cached stock prices
2026-05-21 15:55:46,330 - fetch_stocks - INFO - Using stock price provider: finnhub
2026-05-21 15:55:46,331 - fetch_stocks - INFO - Using cached stock prices from 2026-05-21 14:46:11.623163
2026-05-21 15:55:46,331 - fetch_stocks - INFO - Using cached stock prices
2026-05-21 15:56:32,528 - database - INFO - Database reset successfully - all tables cleared and reinitialized
2026-05-21 15:58:12,632 - database - INFO - Database reset successfully - all tables cleared and reinitialized
2026-05-21 15:59:21,618 - database - INFO - Database reset successfully - all tables cleared and reinitialized
2026-05-21 15:59:24,413 - fetch_stocks - INFO - Using stock price provider: finnhub
2026-05-21 15:59:24,414 - fetch_stocks - INFO - Using cached stock prices from 2026-05-21 14:46:11.623163
2026-05-21 15:59:24,414 - fetch_stocks - INFO - Using cached stock prices
2026-05-21 15:59:24,952 - fetch_stocks - INFO - Using stock price provider: finnhub
2026-05-21 15:59:24,952 - fetch_stocks - INFO - Using cached stock prices from 2026-05-21 14:46:11.623163
2026-05-21 15:59:24,953 - fetch_stocks - INFO - Using cached stock prices
2026-05-21 15:59:33,722 - services - INFO - Attempting to buy 0.0003 bitcoin
2026-05-21 15:59:34,424 - database - INFO - Stored: bitcoin - $77045 at 2026-05-21 15:59:34
2026-05-21 15:59:34,424 - database - INFO - Stored: ethereum - $2118.38 at 2026-05-21 15:59:34
2026-05-21 15:59:34,424 - database - INFO - Stored: solana - $85.94 at 2026-05-21 15:59:34
2026-05-21 15:59:34,426 - services - INFO - Successfully bought 0.0003 bitcoin at $77045
2026-05-21 15:59:36,752 - fetch_stocks - INFO - Using stock price provider: finnhub
2026-05-21 15:59:36,753 - fetch_stocks - INFO - Using cached stock prices from 2026-05-21 14:46:11.623163
2026-05-21 15:59:36,753 - fetch_stocks - INFO - Using cached stock prices
2026-05-21 15:59:37,277 - fetch_stocks - INFO - Using stock price provider: finnhub
2026-05-21 15:59:37,278 - fetch_stocks - INFO - Using cached stock prices from 2026-05-21 14:46:11.623163
2026-05-21 15:59:37,278 - fetch_stocks - INFO - Using cached stock prices
